ok 1 making anagrams sample case
ok 2 making anagrams should return 6 when strings match
ok 3 making anagrams should return 0 when strings match
ok 4 Compare the Triplets when Bob is better at some and Alice is better at others should calculate points for each skill
ok 5 Compare the Triplets when there is a tie should give Alice and Bob zero points
ok 6 Compare the Triplets when Bob is better at clarity should give Bob a point
ok 7 Compare the Triplets when Alice is better at clarity should give Alice a point
not ok 8 alternating characters should return 1 when there is 1 dup
ok 9 alternating characters should return 0 when there are no dups
ok 10 # skip Climbing The Leaderboard: removeDups should remove dups
ok 11 # skip Climbing The Leaderboard: removeDups should handle 100K records
ok 12 Climbing The Leaderboard: sample input 1 should rank her based on her scoring
ok 13 Climbing The Leaderboard: sample input 2 should rank her based on her scoring
ok 14 Climbing The Leaderboard: when Alice scores lower should rank her 2nd
ok 15 Climbing The Leaderboard: when there are two scores on the leaderboard should rank her based on her scoring
ok 16 Climbing The Leaderboard: when Alice scores highest should rank her 1st
1..16
ok 1 making anagrams sample case
ok 2 making anagrams should return 0 when strings match
ok 3 making anagrams should return 6 when strings match
ok 4 Compare the Triplets when Bob is better at some and Alice is better at others should calculate points for each skill
ok 5 Compare the Triplets when Bob is better at clarity should give Bob a point
ok 6 Compare the Triplets when Alice is better at clarity should give Alice a point
ok 7 Compare the Triplets when there is a tie should give Alice and Bob zero points
ok 8 alternating characters should return 0 when there are no dups
not ok 9 alternating characters should return 1 when there is 1 dup
ok 10 Climbing The Leaderboard: when Alice scores lower should rank her 2nd
ok 11 Climbing The Leaderboard: when there are two scores on the leaderboard should rank her based on her scoring
ok 12 Climbing The Leaderboard: sample input 2 should rank her based on her scoring
ok 13 Climbing The Leaderboard: sample input 1 should rank her based on her scoring
ok 14 # skip Climbing The Leaderboard: removeDups should remove dups
ok 15 # skip Climbing The Leaderboard: removeDups should handle 100K records
ok 16 Climbing The Leaderboard: when Alice scores highest should rank her 1st
1..16
ok 1 making anagrams should return 0 when strings match
ok 2 making anagrams should return 6 when strings match
ok 3 making anagrams sample case
ok 4 Climbing The Leaderboard: sample input 2 should rank her based on her scoring
ok 5 # skip Climbing The Leaderboard: removeDups should remove dups
ok 6 # skip Climbing The Leaderboard: removeDups should handle 100K records
ok 7 Climbing The Leaderboard: when there are two scores on the leaderboard should rank her based on her scoring
ok 8 Climbing The Leaderboard: sample input 1 should rank her based on her scoring
ok 9 Climbing The Leaderboard: when Alice scores highest should rank her 1st
ok 10 Climbing The Leaderboard: when Alice scores lower should rank her 2nd
ok 11 Compare the Triplets when Bob is better at some and Alice is better at others should calculate points for each skill
ok 12 Compare the Triplets when there is a tie should give Alice and Bob zero points
ok 13 Compare the Triplets when Alice is better at clarity should give Alice a point
ok 14 Compare the Triplets when Bob is better at clarity should give Bob a point
ok 15 alternating characters should return 0 when there are no dups
not ok 16 alternating characters should return 1 when there is 1 dup
1..16
ok 1 Climbing The Leaderboard: when Alice scores highest should rank her 1st
ok 2 Climbing The Leaderboard: sample input 1 should rank her based on her scoring
ok 3 Climbing The Leaderboard: sample input 2 should rank her based on her scoring
ok 4 Climbing The Leaderboard: when Alice scores lower should rank her 2nd
ok 5 Climbing The Leaderboard: when there are two scores on the leaderboard should rank her based on her scoring
ok 6 # skip Climbing The Leaderboard: removeDups should remove dups
ok 7 # skip Climbing The Leaderboard: removeDups should handle 100K records
not ok 8 alternating characters should return 1 when there is 1 dup
ok 9 alternating characters should return 0 when there are no dups
ok 10 making anagrams sample case
ok 11 making anagrams should return 0 when strings match
ok 12 making anagrams should return 6 when strings match
ok 13 Compare the Triplets when Bob is better at clarity should give Bob a point
ok 14 Compare the Triplets when Alice is better at clarity should give Alice a point
ok 15 Compare the Triplets when Bob is better at some and Alice is better at others should calculate points for each skill
ok 16 Compare the Triplets when there is a tie should give Alice and Bob zero points
1..16
not ok 1 alternating characters should return 1 when there is 1 dup
ok 2 # skip alternating characters should return 0 when there are no dups
ok 3 # skip Compare the Triplets when Alice is better at clarity should give Alice a point
ok 4 # skip Compare the Triplets when there is a tie should give Alice and Bob zero points
ok 5 # skip Compare the Triplets when Bob is better at some and Alice is better at others should calculate points for each skill
ok 6 # skip Compare the Triplets when Bob is better at clarity should give Bob a point
ok 7 # skip Climbing The Leaderboard: when there are two scores on the leaderboard should rank her based on her scoring
ok 8 # skip Climbing The Leaderboard: sample input 2 should rank her based on her scoring
ok 9 # skip Climbing The Leaderboard: when Alice scores lower should rank her 2nd
ok 10 # skip Climbing The Leaderboard: when Alice scores highest should rank her 1st
ok 11 # skip Climbing The Leaderboard: sample input 1 should rank her based on her scoring
ok 12 # skip Climbing The Leaderboard: removeDups should remove dups
ok 13 # skip Climbing The Leaderboard: removeDups should handle 100K records
ok 14 # skip making anagrams sample case
ok 15 # skip making anagrams should return 0 when strings match
ok 16 # skip making anagrams should return 6 when strings match
1..16
not ok 1 alternating characters should return 1 when there is 1 dup
ok 2 # skip alternating characters should return 0 when there are no dups
ok 3 # skip Climbing The Leaderboard: sample input 2 should rank her based on her scoring
ok 4 # skip Climbing The Leaderboard: removeDups should handle 100K records
ok 5 # skip Climbing The Leaderboard: removeDups should remove dups
ok 6 # skip Climbing The Leaderboard: when there are two scores on the leaderboard should rank her based on her scoring
ok 7 # skip Climbing The Leaderboard: sample input 1 should rank her based on her scoring
ok 8 # skip Climbing The Leaderboard: when Alice scores highest should rank her 1st
ok 9 # skip Climbing The Leaderboard: when Alice scores lower should rank her 2nd
ok 10 # skip making anagrams sample case
ok 11 # skip making anagrams should return 0 when strings match
ok 12 # skip making anagrams should return 6 when strings match
ok 13 # skip Compare the Triplets when Alice is better at clarity should give Alice a point
ok 14 # skip Compare the Triplets when Bob is better at clarity should give Bob a point
ok 15 # skip Compare the Triplets when Bob is better at some and Alice is better at others should calculate points for each skill
ok 16 # skip Compare the Triplets when there is a tie should give Alice and Bob zero points
1..16
ok 1 alternating characters should return 1 when there is 1 dup
ok 2 # skip alternating characters should return 0 when there are no dups
ok 3 # skip Climbing The Leaderboard: when Alice scores highest should rank her 1st
ok 4 # skip Climbing The Leaderboard: sample input 1 should rank her based on her scoring
ok 5 # skip Climbing The Leaderboard: sample input 2 should rank her based on her scoring
ok 6 # skip Climbing The Leaderboard: when there are two scores on the leaderboard should rank her based on her scoring
ok 7 # skip Climbing The Leaderboard: removeDups should handle 100K records
ok 8 # skip Climbing The Leaderboard: removeDups should remove dups
ok 9 # skip Climbing The Leaderboard: when Alice scores lower should rank her 2nd
ok 10 # skip making anagrams should return 6 when strings match
ok 11 # skip making anagrams should return 0 when strings match
ok 12 # skip making anagrams sample case
ok 13 # skip Compare the Triplets when Alice is better at clarity should give Alice a point
ok 14 # skip Compare the Triplets when Bob is better at clarity should give Bob a point
ok 15 # skip Compare the Triplets when Bob is better at some and Alice is better at others should calculate points for each skill
ok 16 # skip Compare the Triplets when there is a tie should give Alice and Bob zero points
1..16
not ok 1 alternating characters should return 1 when there is 1 dup
ok 2 # skip alternating characters should return 0 when there are no dups
ok 3 # skip Climbing The Leaderboard: when there are two scores on the leaderboard should rank her based on her scoring
ok 4 # skip Climbing The Leaderboard: when Alice scores highest should rank her 1st
ok 5 # skip Climbing The Leaderboard: removeDups should remove dups
ok 6 # skip Climbing The Leaderboard: removeDups should handle 100K records
ok 7 # skip Climbing The Leaderboard: sample input 2 should rank her based on her scoring
ok 8 # skip Climbing The Leaderboard: sample input 1 should rank her based on her scoring
ok 9 # skip Climbing The Leaderboard: when Alice scores lower should rank her 2nd
ok 10 # skip Compare the Triplets when Bob is better at clarity should give Bob a point
ok 11 # skip Compare the Triplets when Bob is better at some and Alice is better at others should calculate points for each skill
ok 12 # skip Compare the Triplets when there is a tie should give Alice and Bob zero points
ok 13 # skip Compare the Triplets when Alice is better at clarity should give Alice a point
ok 14 # skip making anagrams sample case
ok 15 # skip making anagrams should return 6 when strings match
ok 16 # skip making anagrams should return 0 when strings match
1..16
ok 1 alternating characters should return 1 when there is 1 dup
ok 2 # skip alternating characters should return 0 when there are no dups
ok 3 # skip making anagrams should return 6 when strings match
ok 4 # skip making anagrams should return 0 when strings match
ok 5 # skip making anagrams sample case
ok 6 # skip Climbing The Leaderboard: sample input 2 should rank her based on her scoring
ok 7 # skip Climbing The Leaderboard: when Alice scores highest should rank her 1st
ok 8 # skip Climbing The Leaderboard: removeDups should handle 100K records
ok 9 # skip Climbing The Leaderboard: removeDups should remove dups
ok 10 # skip Climbing The Leaderboard: sample input 1 should rank her based on her scoring
ok 11 # skip Climbing The Leaderboard: when there are two scores on the leaderboard should rank her based on her scoring
ok 12 # skip Climbing The Leaderboard: when Alice scores lower should rank her 2nd
ok 13 # skip Compare the Triplets when there is a tie should give Alice and Bob zero points
ok 14 # skip Compare the Triplets when Bob is better at some and Alice is better at others should calculate points for each skill
ok 15 # skip Compare the Triplets when Alice is better at clarity should give Alice a point
ok 16 # skip Compare the Triplets when Bob is better at clarity should give Bob a point
1..16
ok 1 alternating characters should return 1 when there is 1 dup
ok 2 # skip alternating characters should return 0 when there are no dups
ok 3 # skip Compare the Triplets when Bob is better at clarity should give Bob a point
ok 4 # skip Compare the Triplets when Alice is better at clarity should give Alice a point
ok 5 # skip Compare the Triplets when there is a tie should give Alice and Bob zero points
ok 6 # skip Compare the Triplets when Bob is better at some and Alice is better at others should calculate points for each skill
ok 7 # skip Climbing The Leaderboard: sample input 2 should rank her based on her scoring
ok 8 # skip Climbing The Leaderboard: sample input 1 should rank her based on her scoring
ok 9 # skip Climbing The Leaderboard: removeDups should remove dups
ok 10 # skip Climbing The Leaderboard: removeDups should handle 100K records
ok 11 # skip Climbing The Leaderboard: when Alice scores highest should rank her 1st
ok 12 # skip Climbing The Leaderboard: when there are two scores on the leaderboard should rank her based on her scoring
ok 13 # skip Climbing The Leaderboard: when Alice scores lower should rank her 2nd
ok 14 # skip making anagrams sample case
ok 15 # skip making anagrams should return 0 when strings match
ok 16 # skip making anagrams should return 6 when strings match
1..16
ok 1 alternating characters should return 1 when there is 1 dup
ok 2 alternating characters should return 0 when there are no dups
ok 3 # skip making anagrams should return 6 when strings match
ok 4 # skip making anagrams sample case
ok 5 # skip making anagrams should return 0 when strings match
ok 6 # skip Compare the Triplets when Alice is better at clarity should give Alice a point
ok 7 # skip Compare the Triplets when there is a tie should give Alice and Bob zero points
ok 8 # skip Compare the Triplets when Bob is better at some and Alice is better at others should calculate points for each skill
ok 9 # skip Compare the Triplets when Bob is better at clarity should give Bob a point
ok 10 # skip Climbing The Leaderboard: when Alice scores lower should rank her 2nd
ok 11 # skip Climbing The Leaderboard: removeDups should handle 100K records
ok 12 # skip Climbing The Leaderboard: removeDups should remove dups
ok 13 # skip Climbing The Leaderboard: sample input 2 should rank her based on her scoring
ok 14 # skip Climbing The Leaderboard: when Alice scores highest should rank her 1st
ok 15 # skip Climbing The Leaderboard: sample input 1 should rank her based on her scoring
ok 16 # skip Climbing The Leaderboard: when there are two scores on the leaderboard should rank her based on her scoring
1..16
ok 1 alternating characters should return 0 when there are no dups
ok 2 alternating characters should return 0 when there are no dups
ok 3 alternating characters should return 1 when there is 1 dup
ok 4 # skip Climbing The Leaderboard: sample input 2 should rank her based on her scoring
ok 5 # skip Climbing The Leaderboard: sample input 1 should rank her based on her scoring
ok 6 # skip Climbing The Leaderboard: removeDups should handle 100K records
ok 7 # skip Climbing The Leaderboard: removeDups should remove dups
ok 8 # skip Climbing The Leaderboard: when Alice scores highest should rank her 1st
ok 9 # skip Climbing The Leaderboard: when there are two scores on the leaderboard should rank her based on her scoring
ok 10 # skip Climbing The Leaderboard: when Alice scores lower should rank her 2nd
ok 11 # skip Compare the Triplets when Bob is better at clarity should give Bob a point
ok 12 # skip Compare the Triplets when Bob is better at some and Alice is better at others should calculate points for each skill
ok 13 # skip Compare the Triplets when there is a tie should give Alice and Bob zero points
ok 14 # skip Compare the Triplets when Alice is better at clarity should give Alice a point
ok 15 # skip making anagrams should return 6 when strings match
ok 16 # skip making anagrams should return 0 when strings match
ok 17 # skip making anagrams sample case
1..17
ok 1 alternating characters should return 1 when there is 1 dup
ok 2 alternating characters should return 0 when there are no dups
ok 3 alternating characters should return 0 when there are no dups
ok 4 # skip Compare the Triplets when there is a tie should give Alice and Bob zero points
ok 5 # skip Compare the Triplets when Bob is better at some and Alice is better at others should calculate points for each skill
ok 6 # skip Compare the Triplets when Bob is better at clarity should give Bob a point
ok 7 # skip Compare the Triplets when Alice is better at clarity should give Alice a point
ok 8 # skip Climbing The Leaderboard: when Alice scores lower should rank her 2nd
ok 9 # skip Climbing The Leaderboard: when Alice scores highest should rank her 1st
ok 10 # skip Climbing The Leaderboard: when there are two scores on the leaderboard should rank her based on her scoring
ok 11 # skip Climbing The Leaderboard: sample input 2 should rank her based on her scoring
ok 12 # skip Climbing The Leaderboard: sample input 1 should rank her based on her scoring
ok 13 # skip Climbing The Leaderboard: removeDups should remove dups
ok 14 # skip Climbing The Leaderboard: removeDups should handle 100K records
ok 15 # skip making anagrams should return 0 when strings match
ok 16 # skip making anagrams should return 6 when strings match
ok 17 # skip making anagrams sample case
1..17
ok 1 alternating characters should return 1 when there is 1 dup
ok 2 alternating characters should return 0 when there are no dups
ok 3 alternating characters should return 0 when there are no dups
ok 4 # skip Compare the Triplets when Bob is better at some and Alice is better at others should calculate points for each skill
ok 5 # skip Compare the Triplets when there is a tie should give Alice and Bob zero points
ok 6 # skip Compare the Triplets when Bob is better at clarity should give Bob a point
ok 7 # skip Compare the Triplets when Alice is better at clarity should give Alice a point
ok 8 # skip Climbing The Leaderboard: removeDups should handle 100K records
ok 9 # skip Climbing The Leaderboard: removeDups should remove dups
ok 10 # skip Climbing The Leaderboard: sample input 2 should rank her based on her scoring
ok 11 # skip Climbing The Leaderboard: when Alice scores lower should rank her 2nd
ok 12 # skip Climbing The Leaderboard: sample input 1 should rank her based on her scoring
ok 13 # skip Climbing The Leaderboard: when Alice scores highest should rank her 1st
ok 14 # skip Climbing The Leaderboard: when there are two scores on the leaderboard should rank her based on her scoring
ok 15 # skip making anagrams sample case
ok 16 # skip making anagrams should return 0 when strings match
ok 17 # skip making anagrams should return 6 when strings match
1..17
not ok 1 alternating characters sample case
ok 2 alternating characters should return 1 when there is 1 dup
ok 3 alternating characters should return 0 when there are no dups
ok 4 alternating characters should return 0 when there are no dups
ok 5 # skip making anagrams should return 6 when strings match
ok 6 # skip making anagrams should return 0 when strings match
ok 7 # skip making anagrams sample case
ok 8 # skip Compare the Triplets when Bob is better at some and Alice is better at others should calculate points for each skill
ok 9 # skip Compare the Triplets when there is a tie should give Alice and Bob zero points
ok 10 # skip Compare the Triplets when Bob is better at clarity should give Bob a point
ok 11 # skip Compare the Triplets when Alice is better at clarity should give Alice a point
ok 12 # skip Climbing The Leaderboard: sample input 1 should rank her based on her scoring
ok 13 # skip Climbing The Leaderboard: removeDups should remove dups
ok 14 # skip Climbing The Leaderboard: removeDups should handle 100K records
ok 15 # skip Climbing The Leaderboard: when there are two scores on the leaderboard should rank her based on her scoring
ok 16 # skip Climbing The Leaderboard: sample input 2 should rank her based on her scoring
ok 17 # skip Climbing The Leaderboard: when Alice scores lower should rank her 2nd
ok 18 # skip Climbing The Leaderboard: when Alice scores highest should rank her 1st
1..18
ok 1 alternating characters should return 0 when there are no dups
ok 2 alternating characters sample case
ok 3 alternating characters should return 0 when there are no dups
ok 4 alternating characters should return 1 when there is 1 dup
ok 5 # skip Compare the Triplets when there is a tie should give Alice and Bob zero points
ok 6 # skip Compare the Triplets when Alice is better at clarity should give Alice a point
ok 7 # skip Compare the Triplets when Bob is better at clarity should give Bob a point
ok 8 # skip Compare the Triplets when Bob is better at some and Alice is better at others should calculate points for each skill
ok 9 # skip making anagrams should return 6 when strings match
ok 10 # skip making anagrams should return 0 when strings match
ok 11 # skip making anagrams sample case
ok 12 # skip Climbing The Leaderboard: removeDups should handle 100K records
ok 13 # skip Climbing The Leaderboard: removeDups should remove dups
ok 14 # skip Climbing The Leaderboard: sample input 1 should rank her based on her scoring
ok 15 # skip Climbing The Leaderboard: sample input 2 should rank her based on her scoring
ok 16 # skip Climbing The Leaderboard: when Alice scores lower should rank her 2nd
ok 17 # skip Climbing The Leaderboard: when there are two scores on the leaderboard should rank her based on her scoring
ok 18 # skip Climbing The Leaderboard: when Alice scores highest should rank her 1st
1..18
