1..0
ok 1 Compare the Triplets when there is a tie should give Alice and Bob zero points
ok 2 Compare the Triplets when Bob is better at some and Alice is better at others should calculate points for each skill
ok 3 Compare the Triplets when Alice is better at clarity should give Alice a point
ok 4 Compare the Triplets when Bob is better at clarity should give Bob a point
not ok 5 Climbing The Leaderboard: when Alice scores lower should rank her 2nd
not ok 6 Climbing The Leaderboard: when Alice scores highest should rank her 1st
ok 7 Climbing The Leaderboard: removeDups should handle 100K records
ok 8 Climbing The Leaderboard: removeDups should remove dups
not ok 9 Climbing The Leaderboard: when there are two scores on the leaderboard should rank her based on her scoring
not ok 10 Climbing The Leaderboard: sample input 1 should rank her based on her scoring
1..0
ok 1 Climbing The Leaderboard: removeDups should remove dups
ok 2 Climbing The Leaderboard: removeDups should handle 100K records
not ok 3 Climbing The Leaderboard: when Alice scores lower should rank her 2nd
not ok 4 Climbing The Leaderboard: when there are two scores on the leaderboard should rank her based on her scoring
ok 5 Climbing The Leaderboard: when Alice scores highest should rank her 1st
not ok 6 Climbing The Leaderboard: sample input 1 should rank her based on her scoring
ok 7 Compare the Triplets when Alice is better at clarity should give Alice a point
ok 8 Compare the Triplets when Bob is better at some and Alice is better at others should calculate points for each skill
ok 9 Compare the Triplets when Bob is better at clarity should give Bob a point
ok 10 Compare the Triplets when there is a tie should give Alice and Bob zero points
1..0
ok 1 Compare the Triplets when Alice is better at clarity should give Alice a point
ok 2 Compare the Triplets when Bob is better at clarity should give Bob a point
ok 3 Compare the Triplets when there is a tie should give Alice and Bob zero points
ok 4 Compare the Triplets when Bob is better at some and Alice is better at others should calculate points for each skill
not ok 5 Climbing The Leaderboard: sample input 1 should rank her based on her scoring
ok 6 Climbing The Leaderboard: when Alice scores highest should rank her 1st
ok 7 Climbing The Leaderboard: removeDups should handle 100K records
ok 8 Climbing The Leaderboard: removeDups should remove dups
not ok 9 Climbing The Leaderboard: when Alice scores lower should rank her 2nd
not ok 10 Climbing The Leaderboard: when there are two scores on the leaderboard should rank her based on her scoring
1..10
ok 1 Compare the Triplets when Alice is better at clarity should give Alice a point
ok 2 Compare the Triplets when there is a tie should give Alice and Bob zero points
ok 3 Compare the Triplets when Bob is better at some and Alice is better at others should calculate points for each skill
ok 4 Compare the Triplets when Bob is better at clarity should give Bob a point
not ok 5 Climbing The Leaderboard: sample input 1 should rank her based on her scoring
not ok 6 Climbing The Leaderboard: when there are two scores on the leaderboard should rank her based on her scoring
ok 7 Climbing The Leaderboard: removeDups should handle 100K records
ok 8 Climbing The Leaderboard: removeDups should remove dups
ok 9 Climbing The Leaderboard: when Alice scores highest should rank her 1st
not ok 10 Climbing The Leaderboard: when Alice scores lower should rank her 2nd
1..10
ok 1 Compare the Triplets when Alice is better at clarity should give Alice a point
ok 2 Compare the Triplets when Bob is better at clarity should give Bob a point
ok 3 Compare the Triplets when Bob is better at some and Alice is better at others should calculate points for each skill
ok 4 Compare the Triplets when there is a tie should give Alice and Bob zero points
not ok 5 Climbing The Leaderboard: when there are two scores on the leaderboard should rank her based on her scoring
ok 6 Climbing The Leaderboard: removeDups should remove dups
ok 7 Climbing The Leaderboard: removeDups should handle 100K records
not ok 8 Climbing The Leaderboard: sample input 1 should rank her based on her scoring
not ok 9 Climbing The Leaderboard: when Alice scores lower should rank her 2nd
ok 10 Climbing The Leaderboard: when Alice scores highest should rank her 1st
1..10
ok 1 Compare the Triplets when there is a tie should give Alice and Bob zero points
ok 2 Compare the Triplets when Bob is better at clarity should give Bob a point
ok 3 Compare the Triplets when Bob is better at some and Alice is better at others should calculate points for each skill
ok 4 Compare the Triplets when Alice is better at clarity should give Alice a point
ok 5 Climbing The Leaderboard: when Alice scores highest should rank her 1st
not ok 6 Climbing The Leaderboard: when Alice scores lower should rank her 2nd
ok 7 Climbing The Leaderboard: removeDups should remove dups
ok 8 Climbing The Leaderboard: removeDups should handle 100K records
not ok 9 Climbing The Leaderboard: sample input 1 should rank her based on her scoring
not ok 10 Climbing The Leaderboard: when there are two scores on the leaderboard should rank her based on her scoring
1..10
not ok 1 Climbing The Leaderboard: when there are two scores on the leaderboard should rank her based on her scoring
not ok 2 Climbing The Leaderboard: when Alice scores lower should rank her 2nd
ok 3 # skip Climbing The Leaderboard: removeDups should handle 100K records
ok 4 # skip Climbing The Leaderboard: removeDups should remove dups
not ok 5 Climbing The Leaderboard: sample input 1 should rank her based on her scoring
ok 6 Climbing The Leaderboard: when Alice scores highest should rank her 1st
ok 7 Compare the Triplets when Bob is better at clarity should give Bob a point
ok 8 Compare the Triplets when Bob is better at some and Alice is better at others should calculate points for each skill
ok 9 Compare the Triplets when Alice is better at clarity should give Alice a point
ok 10 Compare the Triplets when there is a tie should give Alice and Bob zero points
1..10
ok 1 Compare the Triplets when there is a tie should give Alice and Bob zero points
ok 2 Compare the Triplets when Bob is better at some and Alice is better at others should calculate points for each skill
ok 3 Compare the Triplets when Alice is better at clarity should give Alice a point
ok 4 Compare the Triplets when Bob is better at clarity should give Bob a point
ok 5 # skip Climbing The Leaderboard: removeDups should remove dups
ok 6 # skip Climbing The Leaderboard: removeDups should handle 100K records
not ok 7 Climbing The Leaderboard: when there are two scores on the leaderboard should rank her based on her scoring
not ok 8 Climbing The Leaderboard: sample input 1 should rank her based on her scoring
ok 9 Climbing The Leaderboard: when Alice scores highest should rank her 1st
not ok 10 Climbing The Leaderboard: when Alice scores lower should rank her 2nd
1..10
ok 1 Compare the Triplets when there is a tie should give Alice and Bob zero points
ok 2 Compare the Triplets when Bob is better at clarity should give Bob a point
ok 3 Compare the Triplets when Alice is better at clarity should give Alice a point
ok 4 Compare the Triplets when Bob is better at some and Alice is better at others should calculate points for each skill
not ok 5 Climbing The Leaderboard: when there are two scores on the leaderboard should rank her based on her scoring
not ok 6 Climbing The Leaderboard: when Alice scores lower should rank her 2nd
ok 7 Climbing The Leaderboard: when Alice scores highest should rank her 1st
ok 8 # skip Climbing The Leaderboard: removeDups should remove dups
ok 9 # skip Climbing The Leaderboard: removeDups should handle 100K records
not ok 10 Climbing The Leaderboard: sample input 1 should rank her based on her scoring
1..10
not ok 1 Climbing The Leaderboard: sample input 1 should rank her based on her scoring
ok 2 # skip Climbing The Leaderboard: removeDups should remove dups
ok 3 # skip Climbing The Leaderboard: removeDups should handle 100K records
ok 4 # skip Climbing The Leaderboard: when there are two scores on the leaderboard should rank her based on her scoring
ok 5 # skip Climbing The Leaderboard: when Alice scores lower should rank her 2nd
ok 6 # skip Climbing The Leaderboard: when Alice scores highest should rank her 1st
ok 7 # skip Compare the Triplets when Bob is better at clarity should give Bob a point
ok 8 # skip Compare the Triplets when there is a tie should give Alice and Bob zero points
ok 9 # skip Compare the Triplets when Alice is better at clarity should give Alice a point
ok 10 # skip Compare the Triplets when Bob is better at some and Alice is better at others should calculate points for each skill
1..10
not ok 1 Climbing The Leaderboard: sample input 1 should rank her based on her scoring
ok 2 # skip Climbing The Leaderboard: removeDups should handle 100K records
ok 3 # skip Climbing The Leaderboard: removeDups should remove dups
ok 4 # skip Climbing The Leaderboard: when there are two scores on the leaderboard should rank her based on her scoring
ok 5 # skip Climbing The Leaderboard: when Alice scores highest should rank her 1st
ok 6 # skip Climbing The Leaderboard: when Alice scores lower should rank her 2nd
ok 7 # skip Compare the Triplets when there is a tie should give Alice and Bob zero points
ok 8 # skip Compare the Triplets when Bob is better at some and Alice is better at others should calculate points for each skill
ok 9 # skip Compare the Triplets when Alice is better at clarity should give Alice a point
ok 10 # skip Compare the Triplets when Bob is better at clarity should give Bob a point
1..10
not ok 1 Climbing The Leaderboard: sample input 1 should rank her based on her scoring
ok 2 # skip Climbing The Leaderboard: when Alice scores lower should rank her 2nd
ok 3 # skip Climbing The Leaderboard: when Alice scores highest should rank her 1st
ok 4 # skip Climbing The Leaderboard: when there are two scores on the leaderboard should rank her based on her scoring
ok 5 # skip Climbing The Leaderboard: removeDups should remove dups
ok 6 # skip Climbing The Leaderboard: removeDups should handle 100K records
ok 7 # skip Compare the Triplets when Bob is better at clarity should give Bob a point
ok 8 # skip Compare the Triplets when Alice is better at clarity should give Alice a point
ok 9 # skip Compare the Triplets when there is a tie should give Alice and Bob zero points
ok 10 # skip Compare the Triplets when Bob is better at some and Alice is better at others should calculate points for each skill
1..10
not ok 1 Climbing The Leaderboard: sample input 1 should rank her based on her scoring
ok 2 # skip Climbing The Leaderboard: when there are two scores on the leaderboard should rank her based on her scoring
ok 3 # skip Climbing The Leaderboard: when Alice scores lower should rank her 2nd
ok 4 # skip Climbing The Leaderboard: removeDups should remove dups
ok 5 # skip Climbing The Leaderboard: removeDups should handle 100K records
ok 6 # skip Climbing The Leaderboard: when Alice scores highest should rank her 1st
ok 7 # skip Compare the Triplets when Bob is better at clarity should give Bob a point
ok 8 # skip Compare the Triplets when Bob is better at some and Alice is better at others should calculate points for each skill
ok 9 # skip Compare the Triplets when Alice is better at clarity should give Alice a point
ok 10 # skip Compare the Triplets when there is a tie should give Alice and Bob zero points
1..10
not ok 1 Climbing The Leaderboard: sample input 1 should rank her based on her scoring
ok 2 # skip Climbing The Leaderboard: removeDups should handle 100K records
ok 3 # skip Climbing The Leaderboard: removeDups should remove dups
ok 4 # skip Climbing The Leaderboard: when Alice scores highest should rank her 1st
ok 5 # skip Climbing The Leaderboard: when there are two scores on the leaderboard should rank her based on her scoring
ok 6 # skip Climbing The Leaderboard: when Alice scores lower should rank her 2nd
ok 7 # skip Compare the Triplets when Alice is better at clarity should give Alice a point
ok 8 # skip Compare the Triplets when there is a tie should give Alice and Bob zero points
ok 9 # skip Compare the Triplets when Bob is better at clarity should give Bob a point
ok 10 # skip Compare the Triplets when Bob is better at some and Alice is better at others should calculate points for each skill
1..10
not ok 1 Climbing The Leaderboard: sample input 1 should rank her based on her scoring
ok 2 # skip Climbing The Leaderboard: when there are two scores on the leaderboard should rank her based on her scoring
ok 3 # skip Climbing The Leaderboard: when Alice scores highest should rank her 1st
ok 4 # skip Climbing The Leaderboard: removeDups should remove dups
ok 5 # skip Climbing The Leaderboard: removeDups should handle 100K records
ok 6 # skip Climbing The Leaderboard: when Alice scores lower should rank her 2nd
ok 7 # skip Compare the Triplets when Bob is better at some and Alice is better at others should calculate points for each skill
ok 8 # skip Compare the Triplets when Bob is better at clarity should give Bob a point
ok 9 # skip Compare the Triplets when Alice is better at clarity should give Alice a point
ok 10 # skip Compare the Triplets when there is a tie should give Alice and Bob zero points
1..10
not ok 1 Climbing The Leaderboard: sample input 1 should rank her based on her scoring
ok 2 # skip Climbing The Leaderboard: when Alice scores lower should rank her 2nd
ok 3 # skip Climbing The Leaderboard: removeDups should remove dups
ok 4 # skip Climbing The Leaderboard: removeDups should handle 100K records
ok 5 # skip Climbing The Leaderboard: when there are two scores on the leaderboard should rank her based on her scoring
ok 6 # skip Climbing The Leaderboard: when Alice scores highest should rank her 1st
ok 7 # skip Compare the Triplets when there is a tie should give Alice and Bob zero points
ok 8 # skip Compare the Triplets when Bob is better at clarity should give Bob a point
ok 9 # skip Compare the Triplets when Bob is better at some and Alice is better at others should calculate points for each skill
ok 10 # skip Compare the Triplets when Alice is better at clarity should give Alice a point
1..10
not ok 1 Climbing The Leaderboard: sample input 1 should rank her based on her scoring
ok 2 # skip Climbing The Leaderboard: when there are two scores on the leaderboard should rank her based on her scoring
ok 3 # skip Climbing The Leaderboard: removeDups should remove dups
ok 4 # skip Climbing The Leaderboard: removeDups should handle 100K records
ok 5 # skip Climbing The Leaderboard: when Alice scores highest should rank her 1st
ok 6 # skip Climbing The Leaderboard: when Alice scores lower should rank her 2nd
ok 7 # skip Compare the Triplets when there is a tie should give Alice and Bob zero points
ok 8 # skip Compare the Triplets when Alice is better at clarity should give Alice a point
ok 9 # skip Compare the Triplets when Bob is better at clarity should give Bob a point
ok 10 # skip Compare the Triplets when Bob is better at some and Alice is better at others should calculate points for each skill
1..10
not ok 1 Climbing The Leaderboard: sample input 1 should rank her based on her scoring
ok 2 # skip Climbing The Leaderboard: when Alice scores highest should rank her 1st
ok 3 # skip Climbing The Leaderboard: when Alice scores lower should rank her 2nd
ok 4 # skip Climbing The Leaderboard: removeDups should handle 100K records
ok 5 # skip Climbing The Leaderboard: removeDups should remove dups
ok 6 # skip Climbing The Leaderboard: when there are two scores on the leaderboard should rank her based on her scoring
ok 7 # skip Compare the Triplets when Bob is better at clarity should give Bob a point
ok 8 # skip Compare the Triplets when Bob is better at some and Alice is better at others should calculate points for each skill
ok 9 # skip Compare the Triplets when there is a tie should give Alice and Bob zero points
ok 10 # skip Compare the Triplets when Alice is better at clarity should give Alice a point
1..10
not ok 1 Climbing The Leaderboard: sample input 1 should rank her based on her scoring
ok 2 # skip Climbing The Leaderboard: removeDups should handle 100K records
ok 3 # skip Climbing The Leaderboard: removeDups should remove dups
ok 4 # skip Climbing The Leaderboard: when Alice scores lower should rank her 2nd
ok 5 # skip Climbing The Leaderboard: when there are two scores on the leaderboard should rank her based on her scoring
ok 6 # skip Climbing The Leaderboard: when Alice scores highest should rank her 1st
ok 7 # skip Compare the Triplets when there is a tie should give Alice and Bob zero points
ok 8 # skip Compare the Triplets when Alice is better at clarity should give Alice a point
ok 9 # skip Compare the Triplets when Bob is better at some and Alice is better at others should calculate points for each skill
ok 10 # skip Compare the Triplets when Bob is better at clarity should give Bob a point
1..10
not ok 1 Climbing The Leaderboard: sample input 1 should rank her based on her scoring
ok 2 # skip Climbing The Leaderboard: when there are two scores on the leaderboard should rank her based on her scoring
ok 3 # skip Climbing The Leaderboard: removeDups should remove dups
ok 4 # skip Climbing The Leaderboard: removeDups should handle 100K records
ok 5 # skip Climbing The Leaderboard: when Alice scores lower should rank her 2nd
ok 6 # skip Climbing The Leaderboard: when Alice scores highest should rank her 1st
ok 7 # skip Compare the Triplets when Alice is better at clarity should give Alice a point
ok 8 # skip Compare the Triplets when Bob is better at clarity should give Bob a point
ok 9 # skip Compare the Triplets when Bob is better at some and Alice is better at others should calculate points for each skill
ok 10 # skip Compare the Triplets when there is a tie should give Alice and Bob zero points
1..10
not ok 1 Climbing The Leaderboard: sample input 1 should rank her based on her scoring
ok 2 # skip Climbing The Leaderboard: when there are two scores on the leaderboard should rank her based on her scoring
ok 3 # skip Climbing The Leaderboard: when Alice scores lower should rank her 2nd
ok 4 # skip Climbing The Leaderboard: when Alice scores highest should rank her 1st
ok 5 # skip Climbing The Leaderboard: removeDups should handle 100K records
ok 6 # skip Climbing The Leaderboard: removeDups should remove dups
ok 7 # skip Compare the Triplets when Bob is better at some and Alice is better at others should calculate points for each skill
ok 8 # skip Compare the Triplets when Alice is better at clarity should give Alice a point
ok 9 # skip Compare the Triplets when there is a tie should give Alice and Bob zero points
ok 10 # skip Compare the Triplets when Bob is better at clarity should give Bob a point
1..10
not ok 1 Climbing The Leaderboard: sample input 1 should rank her based on her scoring
ok 2 # skip Climbing The Leaderboard: removeDups should handle 100K records
ok 3 # skip Climbing The Leaderboard: removeDups should remove dups
ok 4 # skip Climbing The Leaderboard: when Alice scores highest should rank her 1st
ok 5 # skip Climbing The Leaderboard: when there are two scores on the leaderboard should rank her based on her scoring
ok 6 # skip Climbing The Leaderboard: when Alice scores lower should rank her 2nd
ok 7 # skip Compare the Triplets when there is a tie should give Alice and Bob zero points
ok 8 # skip Compare the Triplets when Alice is better at clarity should give Alice a point
ok 9 # skip Compare the Triplets when Bob is better at some and Alice is better at others should calculate points for each skill
ok 10 # skip Compare the Triplets when Bob is better at clarity should give Bob a point
1..10
not ok 1 Climbing The Leaderboard: sample input 1 should rank her based on her scoring
ok 2 # skip Climbing The Leaderboard: removeDups should handle 100K records
ok 3 # skip Climbing The Leaderboard: removeDups should remove dups
ok 4 # skip Climbing The Leaderboard: when there are two scores on the leaderboard should rank her based on her scoring
ok 5 # skip Climbing The Leaderboard: when Alice scores highest should rank her 1st
ok 6 # skip Climbing The Leaderboard: when Alice scores lower should rank her 2nd
ok 7 # skip Compare the Triplets when Bob is better at clarity should give Bob a point
ok 8 # skip Compare the Triplets when there is a tie should give Alice and Bob zero points
ok 9 # skip Compare the Triplets when Alice is better at clarity should give Alice a point
ok 10 # skip Compare the Triplets when Bob is better at some and Alice is better at others should calculate points for each skill
1..10
not ok 1 Climbing The Leaderboard: sample input 1 should rank her based on her scoring
ok 2 # skip Climbing The Leaderboard: removeDups should remove dups
ok 3 # skip Climbing The Leaderboard: removeDups should handle 100K records
ok 4 # skip Climbing The Leaderboard: when there are two scores on the leaderboard should rank her based on her scoring
ok 5 # skip Climbing The Leaderboard: when Alice scores lower should rank her 2nd
ok 6 # skip Climbing The Leaderboard: when Alice scores highest should rank her 1st
ok 7 # skip Compare the Triplets when Alice is better at clarity should give Alice a point
ok 8 # skip Compare the Triplets when Bob is better at some and Alice is better at others should calculate points for each skill
ok 9 # skip Compare the Triplets when there is a tie should give Alice and Bob zero points
ok 10 # skip Compare the Triplets when Bob is better at clarity should give Bob a point
1..10
not ok 1 Climbing The Leaderboard: sample input 1 should rank her based on her scoring
ok 2 # skip Climbing The Leaderboard: removeDups should remove dups
ok 3 # skip Climbing The Leaderboard: removeDups should handle 100K records
ok 4 # skip Climbing The Leaderboard: when there are two scores on the leaderboard should rank her based on her scoring
ok 5 # skip Climbing The Leaderboard: when Alice scores highest should rank her 1st
ok 6 # skip Climbing The Leaderboard: when Alice scores lower should rank her 2nd
ok 7 # skip Compare the Triplets when Bob is better at some and Alice is better at others should calculate points for each skill
ok 8 # skip Compare the Triplets when Alice is better at clarity should give Alice a point
ok 9 # skip Compare the Triplets when there is a tie should give Alice and Bob zero points
ok 10 # skip Compare the Triplets when Bob is better at clarity should give Bob a point
1..10
not ok 1 Climbing The Leaderboard: sample input 1 should rank her based on her scoring
ok 2 # skip Climbing The Leaderboard: when Alice scores highest should rank her 1st
ok 3 # skip Climbing The Leaderboard: removeDups should handle 100K records
ok 4 # skip Climbing The Leaderboard: removeDups should remove dups
ok 5 # skip Climbing The Leaderboard: when Alice scores lower should rank her 2nd
ok 6 # skip Climbing The Leaderboard: when there are two scores on the leaderboard should rank her based on her scoring
ok 7 # skip Compare the Triplets when there is a tie should give Alice and Bob zero points
ok 8 # skip Compare the Triplets when Bob is better at some and Alice is better at others should calculate points for each skill
ok 9 # skip Compare the Triplets when Alice is better at clarity should give Alice a point
ok 10 # skip Compare the Triplets when Bob is better at clarity should give Bob a point
1..10
not ok 1 Climbing The Leaderboard: sample input 1 should rank her based on her scoring
ok 2 # skip Climbing The Leaderboard: when Alice scores highest should rank her 1st
ok 3 # skip Climbing The Leaderboard: when Alice scores lower should rank her 2nd
ok 4 # skip Climbing The Leaderboard: when there are two scores on the leaderboard should rank her based on her scoring
ok 5 # skip Climbing The Leaderboard: removeDups should handle 100K records
ok 6 # skip Climbing The Leaderboard: removeDups should remove dups
ok 7 # skip Compare the Triplets when Bob is better at some and Alice is better at others should calculate points for each skill
ok 8 # skip Compare the Triplets when Bob is better at clarity should give Bob a point
ok 9 # skip Compare the Triplets when Alice is better at clarity should give Alice a point
ok 10 # skip Compare the Triplets when there is a tie should give Alice and Bob zero points
1..10
not ok 1 Climbing The Leaderboard: sample input 1 should rank her based on her scoring
ok 2 # skip Climbing The Leaderboard: when Alice scores highest should rank her 1st
ok 3 # skip Climbing The Leaderboard: when Alice scores lower should rank her 2nd
ok 4 # skip Climbing The Leaderboard: when there are two scores on the leaderboard should rank her based on her scoring
ok 5 # skip Climbing The Leaderboard: removeDups should remove dups
ok 6 # skip Climbing The Leaderboard: removeDups should handle 100K records
ok 7 # skip Compare the Triplets when there is a tie should give Alice and Bob zero points
ok 8 # skip Compare the Triplets when Bob is better at clarity should give Bob a point
ok 9 # skip Compare the Triplets when Alice is better at clarity should give Alice a point
ok 10 # skip Compare the Triplets when Bob is better at some and Alice is better at others should calculate points for each skill
1..10
not ok 1 Climbing The Leaderboard: sample input 1 should rank her based on her scoring
ok 2 # skip Climbing The Leaderboard: removeDups should handle 100K records
ok 3 # skip Climbing The Leaderboard: removeDups should remove dups
ok 4 # skip Climbing The Leaderboard: when there are two scores on the leaderboard should rank her based on her scoring
ok 5 # skip Climbing The Leaderboard: when Alice scores highest should rank her 1st
ok 6 # skip Climbing The Leaderboard: when Alice scores lower should rank her 2nd
ok 7 # skip Compare the Triplets when there is a tie should give Alice and Bob zero points
ok 8 # skip Compare the Triplets when Alice is better at clarity should give Alice a point
ok 9 # skip Compare the Triplets when Bob is better at some and Alice is better at others should calculate points for each skill
ok 10 # skip Compare the Triplets when Bob is better at clarity should give Bob a point
1..10
not ok 1 Climbing The Leaderboard: sample input 1 should rank her based on her scoring
ok 2 # skip Climbing The Leaderboard: when Alice scores highest should rank her 1st
ok 3 # skip Climbing The Leaderboard: when there are two scores on the leaderboard should rank her based on her scoring
ok 4 # skip Climbing The Leaderboard: removeDups should handle 100K records
ok 5 # skip Climbing The Leaderboard: removeDups should remove dups
ok 6 # skip Climbing The Leaderboard: when Alice scores lower should rank her 2nd
ok 7 # skip Compare the Triplets when Alice is better at clarity should give Alice a point
ok 8 # skip Compare the Triplets when there is a tie should give Alice and Bob zero points
ok 9 # skip Compare the Triplets when Bob is better at clarity should give Bob a point
ok 10 # skip Compare the Triplets when Bob is better at some and Alice is better at others should calculate points for each skill
1..10
not ok 1 Climbing The Leaderboard: sample input 1 should rank her based on her scoring
ok 2 # skip Climbing The Leaderboard: when Alice scores lower should rank her 2nd
ok 3 # skip Climbing The Leaderboard: when there are two scores on the leaderboard should rank her based on her scoring
ok 4 # skip Climbing The Leaderboard: when Alice scores highest should rank her 1st
ok 5 # skip Climbing The Leaderboard: removeDups should remove dups
ok 6 # skip Climbing The Leaderboard: removeDups should handle 100K records
ok 7 # skip Compare the Triplets when Bob is better at some and Alice is better at others should calculate points for each skill
ok 8 # skip Compare the Triplets when Bob is better at clarity should give Bob a point
ok 9 # skip Compare the Triplets when Alice is better at clarity should give Alice a point
ok 10 # skip Compare the Triplets when there is a tie should give Alice and Bob zero points
1..10
not ok 1 Climbing The Leaderboard: sample input 1 should rank her based on her scoring
ok 2 # skip Climbing The Leaderboard: when Alice scores highest should rank her 1st
ok 3 # skip Climbing The Leaderboard: when there are two scores on the leaderboard should rank her based on her scoring
ok 4 # skip Climbing The Leaderboard: when Alice scores lower should rank her 2nd
ok 5 # skip Climbing The Leaderboard: removeDups should remove dups
ok 6 # skip Climbing The Leaderboard: removeDups should handle 100K records
ok 7 # skip Compare the Triplets when Bob is better at clarity should give Bob a point
ok 8 # skip Compare the Triplets when there is a tie should give Alice and Bob zero points
ok 9 # skip Compare the Triplets when Alice is better at clarity should give Alice a point
ok 10 # skip Compare the Triplets when Bob is better at some and Alice is better at others should calculate points for each skill
1..10
not ok 1 Climbing The Leaderboard: sample input 1 should rank her based on her scoring
ok 2 # skip Climbing The Leaderboard: when Alice scores highest should rank her 1st
ok 3 # skip Climbing The Leaderboard: when Alice scores lower should rank her 2nd
ok 4 # skip Climbing The Leaderboard: when there are two scores on the leaderboard should rank her based on her scoring
ok 5 # skip Climbing The Leaderboard: removeDups should handle 100K records
ok 6 # skip Climbing The Leaderboard: removeDups should remove dups
ok 7 # skip Compare the Triplets when there is a tie should give Alice and Bob zero points
ok 8 # skip Compare the Triplets when Alice is better at clarity should give Alice a point
ok 9 # skip Compare the Triplets when Bob is better at some and Alice is better at others should calculate points for each skill
ok 10 # skip Compare the Triplets when Bob is better at clarity should give Bob a point
1..10
not ok 1 Climbing The Leaderboard: sample input 1 should rank her based on her scoring
ok 2 # skip Climbing The Leaderboard: when there are two scores on the leaderboard should rank her based on her scoring
ok 3 # skip Climbing The Leaderboard: when Alice scores lower should rank her 2nd
ok 4 # skip Climbing The Leaderboard: when Alice scores highest should rank her 1st
ok 5 # skip Climbing The Leaderboard: removeDups should handle 100K records
ok 6 # skip Climbing The Leaderboard: removeDups should remove dups
ok 7 # skip Compare the Triplets when Bob is better at clarity should give Bob a point
ok 8 # skip Compare the Triplets when Bob is better at some and Alice is better at others should calculate points for each skill
ok 9 # skip Compare the Triplets when Alice is better at clarity should give Alice a point
ok 10 # skip Compare the Triplets when there is a tie should give Alice and Bob zero points
1..10
not ok 1 Climbing The Leaderboard: sample input 1 should rank her based on her scoring
ok 2 # skip Climbing The Leaderboard: when there are two scores on the leaderboard should rank her based on her scoring
ok 3 # skip Climbing The Leaderboard: when Alice scores lower should rank her 2nd
ok 4 # skip Climbing The Leaderboard: removeDups should remove dups
ok 5 # skip Climbing The Leaderboard: removeDups should handle 100K records
ok 6 # skip Climbing The Leaderboard: when Alice scores highest should rank her 1st
ok 7 # skip Compare the Triplets when Bob is better at clarity should give Bob a point
ok 8 # skip Compare the Triplets when Bob is better at some and Alice is better at others should calculate points for each skill
ok 9 # skip Compare the Triplets when Alice is better at clarity should give Alice a point
ok 10 # skip Compare the Triplets when there is a tie should give Alice and Bob zero points
1..10
ok 1 Climbing The Leaderboard: sample input 1 should rank her based on her scoring
ok 2 # skip Climbing The Leaderboard: when Alice scores highest should rank her 1st
ok 3 # skip Climbing The Leaderboard: when Alice scores lower should rank her 2nd
ok 4 # skip Climbing The Leaderboard: removeDups should handle 100K records
ok 5 # skip Climbing The Leaderboard: removeDups should remove dups
ok 6 # skip Climbing The Leaderboard: when there are two scores on the leaderboard should rank her based on her scoring
ok 7 # skip Compare the Triplets when there is a tie should give Alice and Bob zero points
ok 8 # skip Compare the Triplets when Bob is better at clarity should give Bob a point
ok 9 # skip Compare the Triplets when Alice is better at clarity should give Alice a point
ok 10 # skip Compare the Triplets when Bob is better at some and Alice is better at others should calculate points for each skill
1..10
ok 1 Climbing The Leaderboard: sample input 1 should rank her based on her scoring
ok 2 # skip Climbing The Leaderboard: when Alice scores highest should rank her 1st
ok 3 # skip Climbing The Leaderboard: when Alice scores lower should rank her 2nd
ok 4 # skip Climbing The Leaderboard: removeDups should remove dups
ok 5 # skip Climbing The Leaderboard: removeDups should handle 100K records
ok 6 # skip Climbing The Leaderboard: when there are two scores on the leaderboard should rank her based on her scoring
ok 7 # skip Compare the Triplets when Bob is better at clarity should give Bob a point
ok 8 # skip Compare the Triplets when there is a tie should give Alice and Bob zero points
ok 9 # skip Compare the Triplets when Alice is better at clarity should give Alice a point
ok 10 # skip Compare the Triplets when Bob is better at some and Alice is better at others should calculate points for each skill
1..10
not ok 1 Climbing The Leaderboard: sample input 1 should rank her based on her scoring
ok 2 # skip Climbing The Leaderboard: when there are two scores on the leaderboard should rank her based on her scoring
ok 3 # skip Climbing The Leaderboard: removeDups should handle 100K records
ok 4 # skip Climbing The Leaderboard: removeDups should remove dups
ok 5 # skip Climbing The Leaderboard: when Alice scores highest should rank her 1st
ok 6 # skip Climbing The Leaderboard: when Alice scores lower should rank her 2nd
ok 7 # skip Compare the Triplets when Bob is better at some and Alice is better at others should calculate points for each skill
ok 8 # skip Compare the Triplets when Bob is better at clarity should give Bob a point
ok 9 # skip Compare the Triplets when Alice is better at clarity should give Alice a point
ok 10 # skip Compare the Triplets when there is a tie should give Alice and Bob zero points
1..10
ok 1 Climbing The Leaderboard: sample input 1 should rank her based on her scoring
ok 2 # skip Climbing The Leaderboard: removeDups should handle 100K records
ok 3 # skip Climbing The Leaderboard: removeDups should remove dups
ok 4 # skip Climbing The Leaderboard: when there are two scores on the leaderboard should rank her based on her scoring
ok 5 # skip Climbing The Leaderboard: when Alice scores lower should rank her 2nd
ok 6 # skip Climbing The Leaderboard: when Alice scores highest should rank her 1st
ok 7 # skip Compare the Triplets when Bob is better at clarity should give Bob a point
ok 8 # skip Compare the Triplets when Bob is better at some and Alice is better at others should calculate points for each skill
ok 9 # skip Compare the Triplets when Alice is better at clarity should give Alice a point
ok 10 # skip Compare the Triplets when there is a tie should give Alice and Bob zero points
1..10
ok 1 Climbing The Leaderboard: sample input 1 should rank her based on her scoring
not ok 2 Climbing The Leaderboard: sample input 2 should rank her based on her scoring
ok 3 # skip Climbing The Leaderboard: removeDups should handle 100K records
ok 4 # skip Climbing The Leaderboard: removeDups should remove dups
ok 5 # skip Climbing The Leaderboard: when Alice scores highest should rank her 1st
ok 6 # skip Climbing The Leaderboard: when Alice scores lower should rank her 2nd
ok 7 # skip Climbing The Leaderboard: when there are two scores on the leaderboard should rank her based on her scoring
ok 8 # skip Compare the Triplets when Alice is better at clarity should give Alice a point
ok 9 # skip Compare the Triplets when Bob is better at clarity should give Bob a point
ok 10 # skip Compare the Triplets when Bob is better at some and Alice is better at others should calculate points for each skill
ok 11 # skip Compare the Triplets when there is a tie should give Alice and Bob zero points
1..11
ok 1 Climbing The Leaderboard: sample input 1 should rank her based on her scoring
ok 2 Climbing The Leaderboard: sample input 2 should rank her based on her scoring
ok 3 # skip Climbing The Leaderboard: when Alice scores lower should rank her 2nd
ok 4 # skip Climbing The Leaderboard: when there are two scores on the leaderboard should rank her based on her scoring
ok 5 # skip Climbing The Leaderboard: when Alice scores highest should rank her 1st
ok 6 # skip Climbing The Leaderboard: removeDups should remove dups
ok 7 # skip Climbing The Leaderboard: removeDups should handle 100K records
ok 8 # skip Compare the Triplets when there is a tie should give Alice and Bob zero points
ok 9 # skip Compare the Triplets when Alice is better at clarity should give Alice a point
ok 10 # skip Compare the Triplets when Bob is better at some and Alice is better at others should calculate points for each skill
ok 11 # skip Compare the Triplets when Bob is better at clarity should give Bob a point
1..11
ok 1 Climbing The Leaderboard: sample input 1 should rank her based on her scoring
ok 2 Climbing The Leaderboard: sample input 2 should rank her based on her scoring
ok 3 # skip Climbing The Leaderboard: when there are two scores on the leaderboard should rank her based on her scoring
ok 4 # skip Climbing The Leaderboard: removeDups should handle 100K records
ok 5 # skip Climbing The Leaderboard: removeDups should remove dups
ok 6 # skip Climbing The Leaderboard: when Alice scores lower should rank her 2nd
ok 7 # skip Climbing The Leaderboard: when Alice scores highest should rank her 1st
ok 8 # skip Compare the Triplets when Bob is better at some and Alice is better at others should calculate points for each skill
ok 9 # skip Compare the Triplets when there is a tie should give Alice and Bob zero points
ok 10 # skip Compare the Triplets when Alice is better at clarity should give Alice a point
ok 11 # skip Compare the Triplets when Bob is better at clarity should give Bob a point
1..11
1..0
1..0
1..0
ok 1 Climbing The Leaderboard: sample input 1 should rank her based on her scoring
ok 2 Climbing The Leaderboard: sample input 2 should rank her based on her scoring
ok 3 # skip Climbing The Leaderboard: when there are two scores on the leaderboard should rank her based on her scoring
ok 4 # skip Climbing The Leaderboard: when Alice scores lower should rank her 2nd
ok 5 # skip Climbing The Leaderboard: when Alice scores highest should rank her 1st
ok 6 # skip Climbing The Leaderboard: removeDups should remove dups
ok 7 # skip Climbing The Leaderboard: removeDups should handle 100K records
ok 8 # skip Compare the Triplets when there is a tie should give Alice and Bob zero points
ok 9 # skip Compare the Triplets when Bob is better at clarity should give Bob a point
ok 10 # skip Compare the Triplets when Bob is better at some and Alice is better at others should calculate points for each skill
ok 11 # skip Compare the Triplets when Alice is better at clarity should give Alice a point
1..11
1..0
not ok 1 Climbing The Leaderboard: sample input 1 should rank her based on her scoring
not ok 2 Climbing The Leaderboard: sample input 2 should rank her based on her scoring
ok 3 # skip Climbing The Leaderboard: when Alice scores lower should rank her 2nd
ok 4 # skip Climbing The Leaderboard: removeDups should remove dups
ok 5 # skip Climbing The Leaderboard: removeDups should handle 100K records
ok 6 # skip Climbing The Leaderboard: when Alice scores highest should rank her 1st
ok 7 # skip Climbing The Leaderboard: when there are two scores on the leaderboard should rank her based on her scoring
ok 8 # skip Compare the Triplets when Alice is better at clarity should give Alice a point
ok 9 # skip Compare the Triplets when Bob is better at some and Alice is better at others should calculate points for each skill
ok 10 # skip Compare the Triplets when Bob is better at clarity should give Bob a point
ok 11 # skip Compare the Triplets when there is a tie should give Alice and Bob zero points
1..11
ok 1 Climbing The Leaderboard: sample input 1 should rank her based on her scoring
ok 2 Climbing The Leaderboard: sample input 2 should rank her based on her scoring
ok 3 # skip Climbing The Leaderboard: removeDups should remove dups
ok 4 # skip Climbing The Leaderboard: removeDups should handle 100K records
ok 5 # skip Climbing The Leaderboard: when Alice scores lower should rank her 2nd
ok 6 # skip Climbing The Leaderboard: when there are two scores on the leaderboard should rank her based on her scoring
ok 7 # skip Climbing The Leaderboard: when Alice scores highest should rank her 1st
ok 8 # skip Compare the Triplets when there is a tie should give Alice and Bob zero points
ok 9 # skip Compare the Triplets when Bob is better at some and Alice is better at others should calculate points for each skill
ok 10 # skip Compare the Triplets when Bob is better at clarity should give Bob a point
ok 11 # skip Compare the Triplets when Alice is better at clarity should give Alice a point
1..11
ok 1 Climbing The Leaderboard: sample input 1 should rank her based on her scoring
ok 2 Climbing The Leaderboard: sample input 2 should rank her based on her scoring
ok 3 # skip Climbing The Leaderboard: when there are two scores on the leaderboard should rank her based on her scoring
ok 4 # skip Climbing The Leaderboard: removeDups should handle 100K records
ok 5 # skip Climbing The Leaderboard: removeDups should remove dups
ok 6 # skip Climbing The Leaderboard: when Alice scores lower should rank her 2nd
ok 7 # skip Climbing The Leaderboard: when Alice scores highest should rank her 1st
ok 8 # skip Compare the Triplets when Bob is better at clarity should give Bob a point
ok 9 # skip Compare the Triplets when Bob is better at some and Alice is better at others should calculate points for each skill
ok 10 # skip Compare the Triplets when Alice is better at clarity should give Alice a point
ok 11 # skip Compare the Triplets when there is a tie should give Alice and Bob zero points
1..11
not ok 1 Climbing The Leaderboard: sample input 1 should rank her based on her scoring
not ok 2 Climbing The Leaderboard: sample input 2 should rank her based on her scoring
ok 3 # skip Climbing The Leaderboard: removeDups should handle 100K records
ok 4 # skip Climbing The Leaderboard: removeDups should remove dups
ok 5 # skip Climbing The Leaderboard: when Alice scores highest should rank her 1st
ok 6 # skip Climbing The Leaderboard: when Alice scores lower should rank her 2nd
ok 7 # skip Climbing The Leaderboard: when there are two scores on the leaderboard should rank her based on her scoring
ok 8 # skip Compare the Triplets when Bob is better at some and Alice is better at others should calculate points for each skill
ok 9 # skip Compare the Triplets when Bob is better at clarity should give Bob a point
ok 10 # skip Compare the Triplets when there is a tie should give Alice and Bob zero points
ok 11 # skip Compare the Triplets when Alice is better at clarity should give Alice a point
1..11
not ok 1 Climbing The Leaderboard: sample input 1 should rank her based on her scoring
not ok 2 Climbing The Leaderboard: sample input 2 should rank her based on her scoring
ok 3 # skip Climbing The Leaderboard: when there are two scores on the leaderboard should rank her based on her scoring
ok 4 # skip Climbing The Leaderboard: removeDups should remove dups
ok 5 # skip Climbing The Leaderboard: removeDups should handle 100K records
ok 6 # skip Climbing The Leaderboard: when Alice scores lower should rank her 2nd
ok 7 # skip Climbing The Leaderboard: when Alice scores highest should rank her 1st
ok 8 # skip Compare the Triplets when there is a tie should give Alice and Bob zero points
ok 9 # skip Compare the Triplets when Alice is better at clarity should give Alice a point
ok 10 # skip Compare the Triplets when Bob is better at some and Alice is better at others should calculate points for each skill
ok 11 # skip Compare the Triplets when Bob is better at clarity should give Bob a point
1..11
not ok 1 Climbing The Leaderboard: sample input 1 should rank her based on her scoring
not ok 2 Climbing The Leaderboard: sample input 2 should rank her based on her scoring
ok 3 # skip Climbing The Leaderboard: when Alice scores lower should rank her 2nd
ok 4 # skip Climbing The Leaderboard: when Alice scores highest should rank her 1st
ok 5 # skip Climbing The Leaderboard: when there are two scores on the leaderboard should rank her based on her scoring
ok 6 # skip Climbing The Leaderboard: removeDups should remove dups
ok 7 # skip Climbing The Leaderboard: removeDups should handle 100K records
ok 8 # skip Compare the Triplets when Bob is better at clarity should give Bob a point
ok 9 # skip Compare the Triplets when Alice is better at clarity should give Alice a point
ok 10 # skip Compare the Triplets when Bob is better at some and Alice is better at others should calculate points for each skill
ok 11 # skip Compare the Triplets when there is a tie should give Alice and Bob zero points
1..11
not ok 1 Climbing The Leaderboard: sample input 1 should rank her based on her scoring
not ok 2 Climbing The Leaderboard: sample input 2 should rank her based on her scoring
ok 3 # skip Climbing The Leaderboard: when Alice scores highest should rank her 1st
ok 4 # skip Climbing The Leaderboard: removeDups should handle 100K records
ok 5 # skip Climbing The Leaderboard: removeDups should remove dups
ok 6 # skip Climbing The Leaderboard: when there are two scores on the leaderboard should rank her based on her scoring
ok 7 # skip Climbing The Leaderboard: when Alice scores lower should rank her 2nd
ok 8 # skip Compare the Triplets when there is a tie should give Alice and Bob zero points
ok 9 # skip Compare the Triplets when Bob is better at clarity should give Bob a point
ok 10 # skip Compare the Triplets when Bob is better at some and Alice is better at others should calculate points for each skill
ok 11 # skip Compare the Triplets when Alice is better at clarity should give Alice a point
1..11
not ok 1 Climbing The Leaderboard: sample input 1 should rank her based on her scoring
not ok 2 Climbing The Leaderboard: sample input 2 should rank her based on her scoring
ok 3 # skip Climbing The Leaderboard: removeDups should handle 100K records
ok 4 # skip Climbing The Leaderboard: removeDups should remove dups
ok 5 # skip Climbing The Leaderboard: when Alice scores lower should rank her 2nd
ok 6 # skip Climbing The Leaderboard: when there are two scores on the leaderboard should rank her based on her scoring
ok 7 # skip Climbing The Leaderboard: when Alice scores highest should rank her 1st
ok 8 # skip Compare the Triplets when Bob is better at clarity should give Bob a point
ok 9 # skip Compare the Triplets when Bob is better at some and Alice is better at others should calculate points for each skill
ok 10 # skip Compare the Triplets when there is a tie should give Alice and Bob zero points
ok 11 # skip Compare the Triplets when Alice is better at clarity should give Alice a point
1..11
not ok 1 Climbing The Leaderboard: sample input 1 should rank her based on her scoring
not ok 2 Climbing The Leaderboard: sample input 2 should rank her based on her scoring
ok 3 # skip Climbing The Leaderboard: removeDups should handle 100K records
ok 4 # skip Climbing The Leaderboard: removeDups should remove dups
ok 5 # skip Climbing The Leaderboard: when there are two scores on the leaderboard should rank her based on her scoring
ok 6 # skip Climbing The Leaderboard: when Alice scores lower should rank her 2nd
ok 7 # skip Climbing The Leaderboard: when Alice scores highest should rank her 1st
ok 8 # skip Compare the Triplets when there is a tie should give Alice and Bob zero points
ok 9 # skip Compare the Triplets when Bob is better at some and Alice is better at others should calculate points for each skill
ok 10 # skip Compare the Triplets when Bob is better at clarity should give Bob a point
ok 11 # skip Compare the Triplets when Alice is better at clarity should give Alice a point
1..11
not ok 1 Climbing The Leaderboard: sample input 1 should rank her based on her scoring
not ok 2 Climbing The Leaderboard: sample input 2 should rank her based on her scoring
ok 3 # skip Climbing The Leaderboard: when Alice scores highest should rank her 1st
ok 4 # skip Climbing The Leaderboard: when Alice scores lower should rank her 2nd
ok 5 # skip Climbing The Leaderboard: when there are two scores on the leaderboard should rank her based on her scoring
ok 6 # skip Climbing The Leaderboard: removeDups should remove dups
ok 7 # skip Climbing The Leaderboard: removeDups should handle 100K records
ok 8 # skip Compare the Triplets when Bob is better at some and Alice is better at others should calculate points for each skill
ok 9 # skip Compare the Triplets when Alice is better at clarity should give Alice a point
ok 10 # skip Compare the Triplets when Bob is better at clarity should give Bob a point
ok 11 # skip Compare the Triplets when there is a tie should give Alice and Bob zero points
1..11
ok 1 Climbing The Leaderboard: sample input 1 should rank her based on her scoring
ok 2 Climbing The Leaderboard: sample input 2 should rank her based on her scoring
ok 3 # skip Climbing The Leaderboard: when there are two scores on the leaderboard should rank her based on her scoring
ok 4 # skip Climbing The Leaderboard: when Alice scores lower should rank her 2nd
ok 5 # skip Climbing The Leaderboard: when Alice scores highest should rank her 1st
ok 6 # skip Climbing The Leaderboard: removeDups should handle 100K records
ok 7 # skip Climbing The Leaderboard: removeDups should remove dups
ok 8 # skip Compare the Triplets when Alice is better at clarity should give Alice a point
ok 9 # skip Compare the Triplets when there is a tie should give Alice and Bob zero points
ok 10 # skip Compare the Triplets when Bob is better at some and Alice is better at others should calculate points for each skill
ok 11 # skip Compare the Triplets when Bob is better at clarity should give Bob a point
1..11
ok 1 Climbing The Leaderboard: sample input 1 should rank her based on her scoring
ok 2 Climbing The Leaderboard: sample input 2 should rank her based on her scoring
ok 3 # skip Climbing The Leaderboard: when Alice scores highest should rank her 1st
ok 4 # skip Climbing The Leaderboard: when Alice scores lower should rank her 2nd
ok 5 # skip Climbing The Leaderboard: when there are two scores on the leaderboard should rank her based on her scoring
ok 6 # skip Climbing The Leaderboard: removeDups should handle 100K records
ok 7 # skip Climbing The Leaderboard: removeDups should remove dups
ok 8 # skip Compare the Triplets when there is a tie should give Alice and Bob zero points
ok 9 # skip Compare the Triplets when Bob is better at some and Alice is better at others should calculate points for each skill
ok 10 # skip Compare the Triplets when Bob is better at clarity should give Bob a point
ok 11 # skip Compare the Triplets when Alice is better at clarity should give Alice a point
1..11
not ok 1 Climbing The Leaderboard: sample input 1 should rank her based on her scoring
not ok 2 Climbing The Leaderboard: sample input 2 should rank her based on her scoring
ok 3 # skip Climbing The Leaderboard: when Alice scores highest should rank her 1st
ok 4 # skip Climbing The Leaderboard: removeDups should remove dups
ok 5 # skip Climbing The Leaderboard: removeDups should handle 100K records
ok 6 # skip Climbing The Leaderboard: when Alice scores lower should rank her 2nd
ok 7 # skip Climbing The Leaderboard: when there are two scores on the leaderboard should rank her based on her scoring
ok 8 # skip Compare the Triplets when there is a tie should give Alice and Bob zero points
ok 9 # skip Compare the Triplets when Bob is better at clarity should give Bob a point
ok 10 # skip Compare the Triplets when Alice is better at clarity should give Alice a point
ok 11 # skip Compare the Triplets when Bob is better at some and Alice is better at others should calculate points for each skill
1..11
not ok 1 Climbing The Leaderboard: sample input 1 should rank her based on her scoring
not ok 2 Climbing The Leaderboard: sample input 2 should rank her based on her scoring
ok 3 # skip Climbing The Leaderboard: when Alice scores lower should rank her 2nd
ok 4 # skip Climbing The Leaderboard: when Alice scores highest should rank her 1st
ok 5 # skip Climbing The Leaderboard: removeDups should remove dups
ok 6 # skip Climbing The Leaderboard: removeDups should handle 100K records
ok 7 # skip Climbing The Leaderboard: when there are two scores on the leaderboard should rank her based on her scoring
ok 8 # skip Compare the Triplets when Bob is better at clarity should give Bob a point
ok 9 # skip Compare the Triplets when Alice is better at clarity should give Alice a point
ok 10 # skip Compare the Triplets when there is a tie should give Alice and Bob zero points
ok 11 # skip Compare the Triplets when Bob is better at some and Alice is better at others should calculate points for each skill
1..11
ok 1 Climbing The Leaderboard: sample input 1 should rank her based on her scoring
ok 2 Climbing The Leaderboard: sample input 2 should rank her based on her scoring
ok 3 # skip Climbing The Leaderboard: when Alice scores lower should rank her 2nd
ok 4 # skip Climbing The Leaderboard: when Alice scores highest should rank her 1st
ok 5 # skip Climbing The Leaderboard: when there are two scores on the leaderboard should rank her based on her scoring
ok 6 # skip Climbing The Leaderboard: removeDups should remove dups
ok 7 # skip Climbing The Leaderboard: removeDups should handle 100K records
ok 8 # skip Compare the Triplets when Bob is better at clarity should give Bob a point
ok 9 # skip Compare the Triplets when Bob is better at some and Alice is better at others should calculate points for each skill
ok 10 # skip Compare the Triplets when Alice is better at clarity should give Alice a point
ok 11 # skip Compare the Triplets when there is a tie should give Alice and Bob zero points
1..11
ok 1 Climbing The Leaderboard: sample input 1 should rank her based on her scoring
ok 2 Climbing The Leaderboard: sample input 2 should rank her based on her scoring
ok 3 # skip Climbing The Leaderboard: when there are two scores on the leaderboard should rank her based on her scoring
ok 4 # skip Climbing The Leaderboard: when Alice scores lower should rank her 2nd
ok 5 # skip Climbing The Leaderboard: when Alice scores highest should rank her 1st
ok 6 # skip Climbing The Leaderboard: removeDups should remove dups
ok 7 # skip Climbing The Leaderboard: removeDups should handle 100K records
ok 8 # skip Compare the Triplets when Bob is better at clarity should give Bob a point
ok 9 # skip Compare the Triplets when Bob is better at some and Alice is better at others should calculate points for each skill
ok 10 # skip Compare the Triplets when Alice is better at clarity should give Alice a point
ok 11 # skip Compare the Triplets when there is a tie should give Alice and Bob zero points
1..11
ok 1 Climbing The Leaderboard: sample input 1 should rank her based on her scoring
ok 2 Climbing The Leaderboard: sample input 2 should rank her based on her scoring
ok 3 # skip Climbing The Leaderboard: removeDups should remove dups
ok 4 # skip Climbing The Leaderboard: removeDups should handle 100K records
ok 5 # skip Climbing The Leaderboard: when Alice scores highest should rank her 1st
ok 6 # skip Climbing The Leaderboard: when Alice scores lower should rank her 2nd
ok 7 # skip Climbing The Leaderboard: when there are two scores on the leaderboard should rank her based on her scoring
ok 8 # skip Compare the Triplets when there is a tie should give Alice and Bob zero points
ok 9 # skip Compare the Triplets when Bob is better at some and Alice is better at others should calculate points for each skill
ok 10 # skip Compare the Triplets when Bob is better at clarity should give Bob a point
ok 11 # skip Compare the Triplets when Alice is better at clarity should give Alice a point
1..11
ok 1 Climbing The Leaderboard: sample input 1 should rank her based on her scoring
ok 2 Climbing The Leaderboard: sample input 2 should rank her based on her scoring
ok 3 # skip Climbing The Leaderboard: when Alice scores lower should rank her 2nd
ok 4 # skip Climbing The Leaderboard: when Alice scores highest should rank her 1st
ok 5 # skip Climbing The Leaderboard: removeDups should handle 100K records
ok 6 # skip Climbing The Leaderboard: removeDups should remove dups
ok 7 # skip Climbing The Leaderboard: when there are two scores on the leaderboard should rank her based on her scoring
ok 8 # skip Compare the Triplets when Alice is better at clarity should give Alice a point
ok 9 # skip Compare the Triplets when Bob is better at clarity should give Bob a point
ok 10 # skip Compare the Triplets when Bob is better at some and Alice is better at others should calculate points for each skill
ok 11 # skip Compare the Triplets when there is a tie should give Alice and Bob zero points
1..11
